// Jest Snapshot v1, https://goo.gl/fbAQLP

exports[`Pruebas en <GifGridItem/> Debe mostrar el componente  1`] = `
<div
  className="animate__animated animate__fadeIn"
>
  <img
    alt="Un titulo"
    src="https://localhost/prueba.jps"
  />
  <p>
    Un titulo
  </p>
</div>
`;
